// Jest Snapshot v1, https://goo.gl/fbAQLP

exports[`expect to render movie component 1`] = `
<Router
  history={
    Object {
      "action": "POP",
      "block": [Function],
      "canGo": [Function],
      "createHref": [Function],
      "entries": Array [
        Object {
          "hash": "",
          "key": "testKey",
          "pathname": "/movies/id",
          "search": "",
        },
      ],
      "go": [Function],
      "goBack": [Function],
      "goForward": [Function],
      "index": 0,
      "length": 1,
      "listen": [Function],
      "location": Object {
        "hash": "",
        "key": "testKey",
        "pathname": "/movies/id",
        "search": "",
      },
      "push": [Function],
      "replace": [Function],
    }
  }
>
  <Movie
    getMovieDetails={[MockFunction]}
    movie={Immutable.Map {}}
    resetDetails={[MockFunction]}
  />
</Router>
`;
