// Jest Snapshot v1, https://goo.gl/fbAQLP

exports[`expect to render app component 1`] = `
<ErrorBoundary
  ErrorComponent={[Function]}
  onCatch={[Function]}
>
  <Connect(ConnectedRouterWithContext)
    history={
      Object {
        "action": "POP",
        "block": [Function],
        "createHref": [Function],
        "go": [Function],
        "goBack": [Function],
        "goForward": [Function],
        "length": 1,
        "listen": [Function],
        "location": Object {
          "hash": "",
          "pathname": "/",
          "search": "",
          "state": undefined,
        },
        "push": [Function],
        "replace": [Function],
      }
    }
  >
    <Suspense
      fallback="loading"
    >
      <Switch>
        <Route
          component={
            Object {
              "$$typeof": Symbol(react.lazy),
              "_init": [Function],
              "_payload": Object {
                "_result": [Function],
                "_status": -1,
              },
            }
          }
          name="Home"
          path="/"
        />
      </Switch>
    </Suspense>
  </Connect(ConnectedRouterWithContext)>
</ErrorBoundary>
`;
